
Mayuresh@DESKTOP-81J0KP8 MINGW64 ~
$ ls
'3D Objects'/
 AppData/
'Application Data'@
 Contacts/
 Cookies@
 Desktop/
 Documents/
 Downloads/
 eclipse/
 Favorites/
 Links/
'Local Settings'@
 MicrosoftEdgeBackups/
 Music/
'My Documents'@
 NetHood@
 NTUSER.DAT
 ntuser.dat.LOG1
 ntuser.dat.LOG2
 NTUSER.DAT{ebe89206-65d3-11e8-8292-a0481c26104b}.TM.blf
 NTUSER.DAT{ebe89206-65d3-11e8-8292-a0481c26104b}.TMContainer0000000000000000000                                                                                                                1.regtrans-ms
 NTUSER.DAT{ebe89206-65d3-11e8-8292-a0481c26104b}.TMContainer0000000000000000000                                                                                                                2.regtrans-ms
 ntuser.ini
 OneDrive/
 Pictures/
 PrintHood@
 Recent@
'Saved Games'/
 Searches/
 SendTo@
'Start Menu'@
 Templates@
 Videos/

Mayuresh@DESKTOP-81J0KP8 MINGW64 ~
$ pwd
/c/Users/Mayuresh

Mayuresh@DESKTOP-81J0KP8 MINGW64 ~
$ cd /desktop
bash: cd: /desktop: No such file or directory

Mayuresh@DESKTOP-81J0KP8 MINGW64 ~
$ cd desktop

Mayuresh@DESKTOP-81J0KP8 MINGW64 ~/desktop
$ cd D:\
> cd ../
bash: cd: too many arguments

Mayuresh@DESKTOP-81J0KP8 MINGW64 ~/desktop
$ cd ../

Mayuresh@DESKTOP-81J0KP8 MINGW64 ~
$ cd d:/

Mayuresh@DESKTOP-81J0KP8 MINGW64 /d
$ ls
'$RECYCLE.BIN'/                       'OnePlusData till 10-08-2018'/
 apache-tomcat-8.0.52/                 Photon_Workspace/
 apache-tomcat-8.5.32/                 Photon_Workspace1/
 classroomBookingSystem/               pom.xml
 DCA/                                 'Program Files'/
 eclipse-jee-mars-2-win32-x86_64/      Recovery/
 eclipse-jee-mars-2-win32-x86_64.zip  "Sir's Codes"/
'Git Repository'/                     'System Volume Information'/
'html and css pages'/                  takaway/
 Java_Code/                           'TakeAways..!'/
 Java_Jars_Collection/                 Temp/
 JavaOffice_19-07/                     WorkSpace_eclipse/
 JEE_Spring/                          'x360ce vibmod 3.1.4.1'/
 MSOCache/

Mayuresh@DESKTOP-81J0KP8 MINGW64 /d
$ ls
'$RECYCLE.BIN'/                       'OnePlusData till 10-08-2018'/
 apache-tomcat-8.0.52/                 Photon_Workspace/
 apache-tomcat-8.5.32/                 Photon_Workspace1/
 classroomBookingSystem/               pom.xml
 DCA/                                 'Program Files'/
 eclipse-jee-mars-2-win32-x86_64/      Recovery/
 eclipse-jee-mars-2-win32-x86_64.zip  "Sir's Codes"/
 Git_Repository/                      'System Volume Information'/
'html and css pages'/                  takaway/
 Java_Code/                           'TakeAways..!'/
 Java_Jars_Collection/                 Temp/
 JavaOffice_19-07/                     WorkSpace_eclipse/
 JEE_Spring/                          'x360ce vibmod 3.1.4.1'/
 MSOCache/

Mayuresh@DESKTOP-81J0KP8 MINGW64 /d
$ cd Git_Repository

Mayuresh@DESKTOP-81J0KP8 MINGW64 /d/Git_Repository
$ git clone https://github.com/bithack07/Clinic_Management_System.git
Cloning into 'Clinic_Management_System'...
remote: Counting objects: 3, done.
remote: Total 3 (delta 0), reused 0 (delta 0), pack-reused 0
Unpacking objects: 100% (3/3), done.

Mayuresh@DESKTOP-81J0KP8 MINGW64 /d/Git_Repository
$ git init
Initialized empty Git repository in D:/Git_Repository/.git/

Mayuresh@DESKTOP-81J0KP8 MINGW64 /d/Git_Repository (master)
$ git status
On branch master

No commits yet

Untracked files:
  (use "git add <file>..." to include in what will be committed)

        Clinic_Management_System/
        desktop.ini

nothing added to commit but untracked files present (use "git add" to track)

Mayuresh@DESKTOP-81J0KP8 MINGW64 /d/Git_Repository (master)
$ ^C

Mayuresh@DESKTOP-81J0KP8 MINGW64 /d/Git_Repository (master)
$ git add ^C

Mayuresh@DESKTOP-81J0KP8 MINGW64 /d/Git_Repository (master)
$ git add Clinic_Management_System
warning: adding embedded git repository: Clinic_Management_System
hint: You've added another git repository inside your current repository.
hint: Clones of the outer repository will not contain the contents of
hint: the embedded repository and will not know how to obtain it.
hint: If you meant to add a submodule, use:
hint:
hint:   git submodule add <url> Clinic_Management_System
hint:
hint: If you added this path by mistake, you can remove it from the
hint: index with:
hint:
hint:   git rm --cached Clinic_Management_System
hint:
hint: See "git help submodule" for more information.

Mayuresh@DESKTOP-81J0KP8 MINGW64 /d/Git_Repository (master)
$ git status
On branch master

No commits yet

Changes to be committed:
  (use "git rm --cached <file>..." to unstage)

        new file:   Clinic_Management_System

Changes not staged for commit:
  (use "git add <file>..." to update what will be committed)
  (use "git checkout -- <file>..." to discard changes in working directory)
  (commit or discard the untracked or modified content in submodules)

        modified:   Clinic_Management_System (untracked content)

Untracked files:
  (use "git add <file>..." to include in what will be committed)

        desktop.ini


Mayuresh@DESKTOP-81J0KP8 MINGW64 /d/Git_Repository (master)
$ git status
On branch master

No commits yet

Changes to be committed:
  (use "git rm --cached <file>..." to unstage)

        new file:   Clinic_Management_System

Changes not staged for commit:
  (use "git add <file>..." to update what will be committed)
  (use "git checkout -- <file>..." to discard changes in working directory)
  (commit or discard the untracked or modified content in submodules)

        modified:   Clinic_Management_System (untracked content)

Untracked files:
  (use "git add <file>..." to include in what will be committed)

        desktop.ini


Mayuresh@DESKTOP-81J0KP8 MINGW64 /d/Git_Repository (master)
$ git commit .A
error: pathspec '.A' did not match any file(s) known to git.

Mayuresh@DESKTOP-81J0KP8 MINGW64 /d/Git_Repository (master)
$ git commit -m "ykj"

*** Please tell me who you are.

Run

  git config --global user.email "you@example.com"
  git config --global user.name "Your Name"

to set your account's default identity.
Omit --global to set the identity only in this repository.

fatal: unable to auto-detect email address (got 'Mayuresh@DESKTOP-81J0KP8.(none)                                                                                                                ')

Mayuresh@DESKTOP-81J0KP8 MINGW64 /d/Git_Repository (master)
$ git config --global user.email "mayureshbhola8234@gmail.com"

Mayuresh@DESKTOP-81J0KP8 MINGW64 /d/Git_Repository (master)
$ git config --global user.name "bithack07"

Mayuresh@DESKTOP-81J0KP8 MINGW64 /d/Git_Repository (master)
$ git commit -m "ykj"
[master (root-commit) 2cc6be3] ykj
 1 file changed, 1 insertion(+)
 create mode 160000 Clinic_Management_System

Mayuresh@DESKTOP-81J0KP8 MINGW64 /d/Git_Repository (master)
$ git push
fatal: No configured push destination.
Either specify the URL from the command-line or configure a remote repository us                                                                                                                ing

    git remote add <name> <url>

and then push using the remote name

    git push <name>


Mayuresh@DESKTOP-81J0KP8 MINGW64 /d/Git_Repository (master)
$ git remote add origin https://github.com/bithack07/Clinic_Management_System.gi                                                                                                                t

Mayuresh@DESKTOP-81J0KP8 MINGW64 /d/Git_Repository (master)
$ git push
fatal: The current branch master has no upstream branch.
To push the current branch and set the remote as upstream, use

    git push --set-upstream origin master


Mayuresh@DESKTOP-81J0KP8 MINGW64 /d/Git_Repository (master)
$ git push --set upstream origin master
error: src refspec origin does not match any.
error: failed to push some refs to 'upstream'

Mayuresh@DESKTOP-81J0KP8 MINGW64 /d/Git_Repository (master)
$ git push --set-upstream origin master




      2 [sig] bash 9192! sigpacket::process: Suppressing signal 18 to win32 proc                                                                                                                ess (pid 6428)
      2 [sig] sh 3812! sigpacket::process: Suppressing signal 18 to win32 proces                                                                                                                s (pid 9852)
To https://github.com/bithack07/Clinic_Management_System.git
 ! [rejected]        master -> master (fetch first)
error: failed to push some refs to 'https://github.com/bithack07/Clinic_Manageme                                                                                                                nt_System.git'
hint: Updates were rejected because the remote contains work that you do
hint: not have locally. This is usually caused by another repository pushing
hint: to the same ref. You may want to first integrate the remote changes
hint: (e.g., 'git pull ...') before pushing again.
hint: See the 'Note about fast-forwards' in 'git push --help' for details.

Mayuresh@DESKTOP-81J0KP8 MINGW64 /d/Git_Repository (master)
$

Mayuresh@DESKTOP-81J0KP8 MINGW64 /d/Git_Repository (master)
$

Mayuresh@DESKTOP-81J0KP8 MINGW64 /d/Git_Repository (master)
$

Mayuresh@DESKTOP-81J0KP8 MINGW64 /d/Git_Repository (master)
$

Mayuresh@DESKTOP-81J0KP8 MINGW64 /d/Git_Repository (master)
$ git push --set-upstream origin master
To https://github.com/bithack07/Clinic_Management_System.git
 ! [rejected]        master -> master (fetch first)
error: failed to push some refs to 'https://github.com/bithack07/Clinic_Manageme                                                                                                                nt_System.git'
hint: Updates were rejected because the remote contains work that you do
hint: not have locally. This is usually caused by another repository pushing
hint: to the same ref. You may want to first integrate the remote changes
hint: (e.g., 'git pull ...') before pushing again.
hint: See the 'Note about fast-forwards' in 'git push --help' for details.

Mayuresh@DESKTOP-81J0KP8 MINGW64 /d/Git_Repository (master)
$ git pull
warning: no common commits
remote: Counting objects: 3, done.
remote: Total 3 (delta 0), reused 0 (delta 0), pack-reused 0
Unpacking objects: 100% (3/3), done.
From https://github.com/bithack07/Clinic_Management_System
 * [new branch]      master     -> origin/master
There is no tracking information for the current branch.
Please specify which branch you want to merge with.
See git-pull(1) for details.

    git pull <remote> <branch>

If you wish to set tracking information for this branch you can do so with:

    git branch --set-upstream-to=origin/<branch> master


Mayuresh@DESKTOP-81J0KP8 MINGW64 /d/Git_Repository (master)
$ git push
fatal: The current branch master has no upstream branch.
To push the current branch and set the remote as upstream, use

    git push --set-upstream origin master


Mayuresh@DESKTOP-81J0KP8 MINGW64 /d/Git_Repository (master)
$ git push --set-upstream origin master
fatal: unable to access 'https://github.com/bithack07/Clinic_Management_System.g                                                                                                                it/': Could not resolve host: github.com

Mayuresh@DESKTOP-81J0KP8 MINGW64 /d/Git_Repository (master)
$ git status
On branch master
Changes not staged for commit:
  (use "git add <file>..." to update what will be committed)
  (use "git checkout -- <file>..." to discard changes in working directory)
  (commit or discard the untracked or modified content in submodules)

        modified:   Clinic_Management_System (untracked content)

Untracked files:
  (use "git add <file>..." to include in what will be committed)

        desktop.ini

no changes added to commit (use "git add" and/or "git commit -a")

Mayuresh@DESKTOP-81J0KP8 MINGW64 /d/Git_Repository (master)
$ git add  Clinic_Management_System

Mayuresh@DESKTOP-81J0KP8 MINGW64 /d/Git_Repository (master)
$ git status
On branch master
Changes not staged for commit:
  (use "git add <file>..." to update what will be committed)
  (use "git checkout -- <file>..." to discard changes in working directory)
  (commit or discard the untracked or modified content in submodules)

        modified:   Clinic_Management_System (untracked content)

Untracked files:
  (use "git add <file>..." to include in what will be committed)

        desktop.ini

no changes added to commit (use "git add" and/or "git commit -a")

Mayuresh@DESKTOP-81J0KP8 MINGW64 /d/Git_Repository (master)
$ git add Clinic_Management_System

Mayuresh@DESKTOP-81J0KP8 MINGW64 /d/Git_Repository (master)
$ git status
On branch master
Changes not staged for commit:
  (use "git add <file>..." to update what will be committed)
  (use "git checkout -- <file>..." to discard changes in working directory)
  (commit or discard the untracked or modified content in submodules)

        modified:   Clinic_Management_System (untracked content)

Untracked files:
  (use "git add <file>..." to include in what will be committed)

        desktop.ini

no changes added to commit (use "git add" and/or "git commit -a")

Mayuresh@DESKTOP-81J0KP8 MINGW64 /d/Git_Repository (master)
$ git commmit -a
git: 'commmit' is not a git command. See 'git --help'.

The most similar command is
        commit

Mayuresh@DESKTOP-81J0KP8 MINGW64 /d/Git_Repository (master)
$ git commmit
git: 'commmit' is not a git command. See 'git --help'.

The most similar command is
        commit

Mayuresh@DESKTOP-81J0KP8 MINGW64 /d/Git_Repository (master)
$ git commit -a
On branch master
Changes not staged for commit:
        modified:   Clinic_Management_System (untracked content)

Untracked files:
        desktop.ini

no changes added to commit

Mayuresh@DESKTOP-81J0KP8 MINGW64 /d/Git_Repository (master)
$ git trdrt -- hs^C




Mayuresh@DESKTOP-81J0KP8 MINGW64 /d/Git_Repository (master)
$ git reset -- hard

Mayuresh@DESKTOP-81J0KP8 MINGW64 /d/Git_Repository (master)
$ git status
On branch master
Changes not staged for commit:
  (use "git add <file>..." to update what will be committed)
  (use "git checkout -- <file>..." to discard changes in working directory)
  (commit or discard the untracked or modified content in submodules)

        modified:   Clinic_Management_System (untracked content)

Untracked files:
  (use "git add <file>..." to include in what will be committed)

        desktop.ini

no changes added to commit (use "git add" and/or "git commit -a")

Mayuresh@DESKTOP-81J0KP8 MINGW64 /d/Git_Repository (master)
$ git add Clinic_Management_System

Mayuresh@DESKTOP-81J0KP8 MINGW64 /d/Git_Repository (master)
$ git status
On branch master
Changes not staged for commit:
  (use "git add <file>..." to update what will be committed)
  (use "git checkout -- <file>..." to discard changes in working directory)
  (commit or discard the untracked or modified content in submodules)

        modified:   Clinic_Management_System (untracked content)

Untracked files:
  (use "git add <file>..." to include in what will be committed)

        desktop.ini

no changes added to commit (use "git add" and/or "git commit -a")

Mayuresh@DESKTOP-81J0KP8 MINGW64 /d/Git_Repository (master)
$ cd ../

Mayuresh@DESKTOP-81J0KP8 MINGW64 /d
$ cd git repo
bash: cd: too many arguments

Mayuresh@DESKTOP-81J0KP8 MINGW64 /d
$ git repo
git: 'repo' is not a git command. See 'git --help'.

The most similar commands are
        grep
        reflog
        remote
        repack

Mayuresh@DESKTOP-81J0KP8 MINGW64 /d
$ pwd
/d

Mayuresh@DESKTOP-81J0KP8 MINGW64 /d
$ ls
'$RECYCLE.BIN'/                        MSOCache/
 apache-tomcat-8.0.52/                'OnePlusData till 10-08-2018'/
 apache-tomcat-8.5.32/                 Photon_Workspace/
 classroomBookingSystem/               Photon_Workspace1/
 DCA/                                  pom.xml
 eclipse-jee-mars-2-win32-x86_64/     'Program Files'/
 eclipse-jee-mars-2-win32-x86_64.zip   Recovery/
 Git_Repository/                      "Sir's Codes"/
 gitrepo/                             'System Volume Information'/
'html and css pages'/                  takaway/
 Java_Code/                           'TakeAways..!'/
 Java_Jars_Collection/                 Temp/
 JavaOffice_19-07/                     WorkSpace_eclipse/
 JEE_Spring/                          'x360ce vibmod 3.1.4.1'/

Mayuresh@DESKTOP-81J0KP8 MINGW64 /d
$ cd gitrepo

Mayuresh@DESKTOP-81J0KP8 MINGW64 /d/gitrepo
$ git clone https://github.com/bithack07/Clinic_Management_System.git
Cloning into 'Clinic_Management_System'...
remote: Counting objects: 3, done.
remote: Total 3 (delta 0), reused 0 (delta 0), pack-reused 0
Unpacking objects: 100% (3/3), done.

Mayuresh@DESKTOP-81J0KP8 MINGW64 /d/gitrepo
$ git init
Initialized empty Git repository in D:/gitrepo/.git/

Mayuresh@DESKTOP-81J0KP8 MINGW64 /d/gitrepo (master)
$ git status
On branch master

No commits yet

Untracked files:
  (use "git add <file>..." to include in what will be committed)

        Clinic_Management_System/

nothing added to commit but untracked files present (use "git add" to track)

Mayuresh@DESKTOP-81J0KP8 MINGW64 /d/gitrepo (master)
$ ^C

Mayuresh@DESKTOP-81J0KP8 MINGW64 /d/gitrepo (master)
$ git add  Clinic_Management_System/

Mayuresh@DESKTOP-81J0KP8 MINGW64 /d/gitrepo (master)
$ git status
On branch master

No commits yet

Changes to be committed:
  (use "git rm --cached <file>..." to unstage)

        new file:   Clinic_Management_System/README.md


Mayuresh@DESKTOP-81J0KP8 MINGW64 /d/gitrepo (master)
$ git status
On branch master

No commits yet

Changes to be committed:
  (use "git rm --cached <file>..." to unstage)

        new file:   Clinic_Management_System/README.md

Changes not staged for commit:
  (use "git add <file>..." to update what will be committed)
  (use "git checkout -- <file>..." to discard changes in working directory)

        modified:   Clinic_Management_System/README.md


Mayuresh@DESKTOP-81J0KP8 MINGW64 /d/gitrepo (master)
$ git add ommit:
fatal: pathspec 'ommit:' did not match any files

Mayuresh@DESKTOP-81J0KP8 MINGW64 /d/gitrepo (master)
$   (use "git add <file>.^C

Mayuresh@DESKTOP-81J0KP8 MINGW64 /d/gitrepo (master)
$ ^C



Mayuresh@DESKTOP-81J0KP8 MINGW64 /d/gitrepo (master)
$ git add Clinic_Management_System/README.md

Mayuresh@DESKTOP-81J0KP8 MINGW64 /d/gitrepo (master)
$ git commit -m "test"
[master (root-commit) c415108] test
 1 file changed, 2 insertions(+)
 create mode 100644 Clinic_Management_System/README.md

Mayuresh@DESKTOP-81J0KP8 MINGW64 /d/gitrepo (master)
$ git push
fatal: No configured push destination.
Either specify the URL from the command-line or configure a remote repository us                                                                                                                ing

    git remote add <name> <url>

and then push using the remote name

    git push <name>


Mayuresh@DESKTOP-81J0KP8 MINGW64 /d/gitrepo (master)
$ git remote add origin https://github.com/bithack07/Clinic_Management_System.gi                                                                                                                t

Mayuresh@DESKTOP-81J0KP8 MINGW64 /d/gitrepo (master)
$ git push
fatal: The current branch master has no upstream branch.
To push the current branch and set the remote as upstream, use

    git push --set-upstream origin master


Mayuresh@DESKTOP-81J0KP8 MINGW64 /d/gitrepo (master)
$ git push --set-upstream origin master
To https://github.com/bithack07/Clinic_Management_System.git
 ! [rejected]        master -> master (fetch first)
error: failed to push some refs to 'https://github.com/bithack07/Clinic_Manageme                                                                                                                nt_System.git'
hint: Updates were rejected because the remote contains work that you do
hint: not have locally. This is usually caused by another repository pushing
hint: to the same ref. You may want to first integrate the remote changes
hint: (e.g., 'git pull ...') before pushing again.
hint: See the 'Note about fast-forwards' in 'git push --help' for details.

Mayuresh@DESKTOP-81J0KP8 MINGW64 /d/gitrepo (master)
$ git pull
warning: no common commits
remote: Counting objects: 3, done.
remote: Total 3 (delta 0), reused 0 (delta 0), pack-reused 0
Unpacking objects: 100% (3/3), done.
From https://github.com/bithack07/Clinic_Management_System
 * [new branch]      master     -> origin/master
There is no tracking information for the current branch.
Please specify which branch you want to merge with.
See git-pull(1) for details.

    git pull <remote> <branch>

If you wish to set tracking information for this branch you can do so with:

    git branch --set-upstream-to=origin/<branch> master


Mayuresh@DESKTOP-81J0KP8 MINGW64 /d/gitrepo (master)
$ git pull https://github.com/bithack07/Clinic_Management_System.git
From https://github.com/bithack07/Clinic_Management_System
 * branch            HEAD       -> FETCH_HEAD
fatal: refusing to merge unrelated histories

Mayuresh@DESKTOP-81J0KP8 MINGW64 /d/gitrepo (master)
$ git push
fatal: The current branch master has no upstream branch.
To push the current branch and set the remote as upstream, use

    git push --set-upstream origin master


Mayuresh@DESKTOP-81J0KP8 MINGW64 /d/gitrepo (master)
$  git push --set-upstream origin master
To https://github.com/bithack07/Clinic_Management_System.git
 ! [rejected]        master -> master (non-fast-forward)
error: failed to push some refs to 'https://github.com/bithack07/Clinic_Manageme                                                                                                                nt_System.git'
hint: Updates were rejected because the tip of your current branch is behind
hint: its remote counterpart. Integrate the remote changes (e.g.
hint: 'git pull ...') before pushing again.
hint: See the 'Note about fast-forwards' in 'git push --help' for details.

Mayuresh@DESKTOP-81J0KP8 MINGW64 /d/gitrepo (master)
$ git pull origin master
From https://github.com/bithack07/Clinic_Management_System
 * branch            master     -> FETCH_HEAD
fatal: refusing to merge unrelated histories

Mayuresh@DESKTOP-81J0KP8 MINGW64 /d/gitrepo (master)
$ git pull https://github.com/bithack07/Clinic_Management_System.git
From https://github.com/bithack07/Clinic_Management_System
 * branch            HEAD       -> FETCH_HEAD
fatal: refusing to merge unrelated histories

Mayuresh@DESKTOP-81J0KP8 MINGW64 /d/gitrepo (master)
$ git pull origin master --allow-unrelated-histories
From https://github.com/bithack07/Clinic_Management_System
 * branch            master     -> FETCH_ HEAD
Merge made by the 'recursive' strategy.
 README.md | 1 +
 1 file changed, 1 insertion(+)
 create mode 100644 README.md

Mayuresh@DESKTOP-81J0KP8 MINGW64 /d/gitrepo (master)
$ git push
fatal: The current branch master has no upstream branch.
To push the current branch and set the remote as upstream, use

    git push --set-upstream origin master


Mayuresh@DESKTOP-81J0KP8 MINGW64 /d/gitrepo (master)
$  git push --set-upstream origin master
Enumerating objects: 7, done.
Counting objects: 100% (7/7), done.
Delta compression using up to 4 threads.
Compressing objects: 100% (4/4), done.
Writing objects: 100% (6/6), 596 bytes | 298.00 KiB/s, done.
Total 6 (delta 1), reused 0 (delta 0)
remote: Resolving deltas: 100% (1/1), done.
To https://github.com/bithack07/Clinic_Management_System.git
   2f1826d..691cec3  master -> master
Branch 'master' set up to track remote branch 'master' from 'origin'.

Mayuresh@DESKTOP-81J0KP8 MINGW64 /d/gitrepo (master)
$ git push
Everything up-to-date

Mayuresh@DESKTOP-81J0KP8 MINGW64 /d/gitrepo (master)
$
